Component: ARM Compiler 5.06 update 6 (build 750) Tool: armlink [4d35ed]

==============================================================================

Section Cross References

    main.o(i.Delay) refers to main.o(.data) for msTicks
    main.o(i.EXTI0_1_IRQHandler) refers to main.o(.data) for signal
    main.o(i.EXTI2_3_IRQHandler) refers to main.o(.data) for signal
    main.o(i.EXTI4_15_IRQHandler) refers to main.o(.data) for signal
    main.o(i.SysTick_Handler) refers to main.o(.data) for msTicks
    main.o(i.init) refers to main.o(i.__NVIC_EnableIRQ) for __NVIC_EnableIRQ
    main.o(i.main) refers to main.o(i.init) for init
    main.o(i.main) refers to main.o(i.__NVIC_SetPriority) for __NVIC_SetPriority
    main.o(i.main) refers to main.o(i.Delay) for Delay
    main.o(i.main) refers to main.o(.data) for signal
    startup_ht32f52342_52.o(STACK) refers (Special) to heapauxi.o(.text) for __use_two_region_memory
    startup_ht32f52342_52.o(HEAP) refers (Special) to heapauxi.o(.text) for __use_two_region_memory
    startup_ht32f52342_52.o(RESET) refers (Special) to heapauxi.o(.text) for __use_two_region_memory
    startup_ht32f52342_52.o(RESET) refers to startup_ht32f52342_52.o(STACK) for __initial_sp
    startup_ht32f52342_52.o(RESET) refers to main.o(i.SysTick_Handler) for SysTick_Handler
    startup_ht32f52342_52.o(RESET) refers to main.o(i.EXTI0_1_IRQHandler) for EXTI0_1_IRQHandler
    startup_ht32f52342_52.o(RESET) refers to main.o(i.EXTI2_3_IRQHandler) for EXTI2_3_IRQHandler
    startup_ht32f52342_52.o(RESET) refers to main.o(i.EXTI4_15_IRQHandler) for EXTI4_15_IRQHandler
    startup_ht32f52342_52.o(RESET) refers to system_ht32f5xxxx_01.o(i.SystemInit) for SystemInit
    startup_ht32f52342_52.o(RESET) refers to __main.o(!!!main) for __main
    startup_ht32f52342_52.o(RESET) refers to startup_ht32f52342_52.o(HEAP) for Heap_Mem
    system_ht32f5xxxx_01.o(i.SystemCoreClockUpdate) refers to system_ht32f5xxxx_01.o(.data) for SystemCoreClock
    __main.o(!!!main) refers to __rtentry.o(.ARM.Collect$$rtentry$$00000000) for __rt_entry
    __rtentry.o(.ARM.Collect$$rtentry$$00000000) refers (Special) to __rtentry2.o(.ARM.Collect$$rtentry$$0000000A) for __rt_entry_li
    __rtentry.o(.ARM.Collect$$rtentry$$00000000) refers (Special) to __rtentry2.o(.ARM.Collect$$rtentry$$0000000D) for __rt_entry_main
    __rtentry.o(.ARM.Collect$$rtentry$$00000000) refers (Special) to __rtentry2.o(.ARM.Collect$$rtentry$$0000000C) for __rt_entry_postli_1
    __rtentry.o(.ARM.Collect$$rtentry$$00000000) refers (Special) to __rtentry2.o(.ARM.Collect$$rtentry$$00000009) for __rt_entry_postsh_1
    __rtentry.o(.ARM.Collect$$rtentry$$00000000) refers (Special) to __rtentry2.o(.ARM.Collect$$rtentry$$00000002) for __rt_entry_presh_1
    __rtentry.o(.ARM.Collect$$rtentry$$00000000) refers (Special) to __rtentry4.o(.ARM.Collect$$rtentry$$00000004) for __rt_entry_sh
    __rtentry2.o(.ARM.Collect$$rtentry$$00000008) refers to boardinit2.o(.text) for _platform_post_stackheap_init
    __rtentry2.o(.ARM.Collect$$rtentry$$0000000A) refers to libinit.o(.ARM.Collect$$libinit$$00000000) for __rt_lib_init
    __rtentry2.o(.ARM.Collect$$rtentry$$0000000B) refers to boardinit3.o(.text) for _platform_post_lib_init
    __rtentry2.o(.ARM.Collect$$rtentry$$0000000D) refers to main.o(i.main) for main
    __rtentry2.o(.ARM.Collect$$rtentry$$0000000D) refers to exit.o(.text) for exit
    __rtentry2.o(.ARM.exidx) refers to __rtentry2.o(.ARM.Collect$$rtentry$$00000001) for .ARM.Collect$$rtentry$$00000001
    __rtentry2.o(.ARM.exidx) refers to __rtentry2.o(.ARM.Collect$$rtentry$$00000008) for .ARM.Collect$$rtentry$$00000008
    __rtentry2.o(.ARM.exidx) refers to __rtentry2.o(.ARM.Collect$$rtentry$$0000000A) for .ARM.Collect$$rtentry$$0000000A
    __rtentry2.o(.ARM.exidx) refers to __rtentry2.o(.ARM.Collect$$rtentry$$0000000B) for .ARM.Collect$$rtentry$$0000000B
    __rtentry2.o(.ARM.exidx) refers to __rtentry2.o(.ARM.Collect$$rtentry$$0000000D) for .ARM.Collect$$rtentry$$0000000D
    __rtentry4.o(.ARM.Collect$$rtentry$$00000004) refers to sys_stackheap_outer.o(.text) for __user_setup_stackheap
    __rtentry4.o(.ARM.exidx) refers to __rtentry4.o(.ARM.Collect$$rtentry$$00000004) for .ARM.Collect$$rtentry$$00000004
    sys_stackheap_outer.o(.text) refers to libspace.o(.text) for __user_perproc_libspace
    sys_stackheap_outer.o(.text) refers to startup_ht32f52342_52.o(RESET) for __user_initial_stackheap
    sys_stackheap_outer.o(__vectab_stack_and_reset_area) refers to tempstk.o(.text) for __temporary_stack_top
    sys_stackheap_outer.o(__vectab_stack_and_reset_area) refers to __main.o(!!!main) for __main
    exit.o(.text) refers to rtexit.o(.ARM.Collect$$rtexit$$00000000) for __rt_exit
    libinit.o(.ARM.Collect$$libinit$$00000000) refers (Special) to libinit2.o(.ARM.Collect$$libinit$$0000002E) for __rt_lib_init_alloca_1
    libinit.o(.ARM.Collect$$libinit$$00000000) refers (Special) to libinit2.o(.ARM.Collect$$libinit$$0000002C) for __rt_lib_init_argv_1
    libinit.o(.ARM.Collect$$libinit$$00000000) refers (Special) to libinit2.o(.ARM.Collect$$libinit$$0000001B) for __rt_lib_init_atexit_1
    libinit.o(.ARM.Collect$$libinit$$00000000) refers (Special) to libinit2.o(.ARM.Collect$$libinit$$00000021) for __rt_lib_init_clock_1
    libinit.o(.ARM.Collect$$libinit$$00000000) refers (Special) to libinit2.o(.ARM.Collect$$libinit$$00000032) for __rt_lib_init_cpp_1
    libinit.o(.ARM.Collect$$libinit$$00000000) refers (Special) to libinit2.o(.ARM.Collect$$libinit$$00000030) for __rt_lib_init_exceptions_1
    libinit.o(.ARM.Collect$$libinit$$00000000) refers (Special) to libinit2.o(.ARM.Collect$$libinit$$00000002) for __rt_lib_init_fp_1
    libinit.o(.ARM.Collect$$libinit$$00000000) refers (Special) to libinit2.o(.ARM.Collect$$libinit$$0000001F) for __rt_lib_init_fp_trap_1
    libinit.o(.ARM.Collect$$libinit$$00000000) refers (Special) to libinit2.o(.ARM.Collect$$libinit$$00000023) for __rt_lib_init_getenv_1
    libinit.o(.ARM.Collect$$libinit$$00000000) refers (Special) to libinit2.o(.ARM.Collect$$libinit$$0000000A) for __rt_lib_init_heap_1
    libinit.o(.ARM.Collect$$libinit$$00000000) refers (Special) to libinit2.o(.ARM.Collect$$libinit$$00000011) for __rt_lib_init_lc_collate_1
    libinit.o(.ARM.Collect$$libinit$$00000000) refers (Special) to libinit2.o(.ARM.Collect$$libinit$$00000013) for __rt_lib_init_lc_ctype_1
    libinit.o(.ARM.Collect$$libinit$$00000000) refers (Special) to libinit2.o(.ARM.Collect$$libinit$$00000015) for __rt_lib_init_lc_monetary_1
    libinit.o(.ARM.Collect$$libinit$$00000000) refers (Special) to libinit2.o(.ARM.Collect$$libinit$$00000017) for __rt_lib_init_lc_numeric_1
    libinit.o(.ARM.Collect$$libinit$$00000000) refers (Special) to libinit2.o(.ARM.Collect$$libinit$$00000019) for __rt_lib_init_lc_time_1
    libinit.o(.ARM.Collect$$libinit$$00000000) refers (Special) to libinit2.o(.ARM.Collect$$libinit$$00000004) for __rt_lib_init_preinit_1
    libinit.o(.ARM.Collect$$libinit$$00000000) refers (Special) to libinit2.o(.ARM.Collect$$libinit$$0000000E) for __rt_lib_init_rand_1
    libinit.o(.ARM.Collect$$libinit$$00000000) refers (Special) to libinit2.o(.ARM.Collect$$libinit$$00000033) for __rt_lib_init_return
    libinit.o(.ARM.Collect$$libinit$$00000000) refers (Special) to libinit2.o(.ARM.Collect$$libinit$$0000001D) for __rt_lib_init_signal_1
    libinit.o(.ARM.Collect$$libinit$$00000000) refers (Special) to libinit2.o(.ARM.Collect$$libinit$$00000025) for __rt_lib_init_stdio_1
    libinit.o(.ARM.Collect$$libinit$$00000000) refers (Special) to libinit2.o(.ARM.Collect$$libinit$$0000000C) for __rt_lib_init_user_alloc_1
    libspace.o(.text) refers to libspace.o(.bss) for __libspace_start
    rtexit.o(.ARM.Collect$$rtexit$$00000000) refers (Special) to rtexit2.o(.ARM.Collect$$rtexit$$00000004) for __rt_exit_exit
    rtexit.o(.ARM.Collect$$rtexit$$00000000) refers (Special) to rtexit2.o(.ARM.Collect$$rtexit$$00000003) for __rt_exit_ls
    rtexit.o(.ARM.Collect$$rtexit$$00000000) refers (Special) to rtexit2.o(.ARM.Collect$$rtexit$$00000002) for __rt_exit_prels_1
    rtexit.o(.ARM.exidx) refers (Special) to rtexit2.o(.ARM.Collect$$rtexit$$00000004) for __rt_exit_exit
    rtexit.o(.ARM.exidx) refers (Special) to rtexit2.o(.ARM.Collect$$rtexit$$00000003) for __rt_exit_ls
    rtexit.o(.ARM.exidx) refers (Special) to rtexit2.o(.ARM.Collect$$rtexit$$00000002) for __rt_exit_prels_1
    rtexit.o(.ARM.exidx) refers to rtexit.o(.ARM.Collect$$rtexit$$00000000) for .ARM.Collect$$rtexit$$00000000
    libinit2.o(.ARM.Collect$$libinit$$00000010) refers to libinit2.o(.ARM.Collect$$libinit$$0000000F) for .ARM.Collect$$libinit$$0000000F
    libinit2.o(.ARM.Collect$$libinit$$00000012) refers to libinit2.o(.ARM.Collect$$libinit$$0000000F) for .ARM.Collect$$libinit$$0000000F
    libinit2.o(.ARM.Collect$$libinit$$00000014) refers to libinit2.o(.ARM.Collect$$libinit$$0000000F) for .ARM.Collect$$libinit$$0000000F
    libinit2.o(.ARM.Collect$$libinit$$00000016) refers to libinit2.o(.ARM.Collect$$libinit$$0000000F) for .ARM.Collect$$libinit$$0000000F
    libinit2.o(.ARM.Collect$$libinit$$00000018) refers to libinit2.o(.ARM.Collect$$libinit$$0000000F) for .ARM.Collect$$libinit$$0000000F
    libinit2.o(.ARM.Collect$$libinit$$00000026) refers to argv_veneer.o(.text) for __ARM_argv_veneer
    libinit2.o(.ARM.Collect$$libinit$$00000027) refers to argv_veneer.o(.text) for __ARM_argv_veneer
    rtexit2.o(.ARM.Collect$$rtexit$$00000003) refers to libshutdown.o(.ARM.Collect$$libshutdown$$00000000) for __rt_lib_shutdown
    rtexit2.o(.ARM.Collect$$rtexit$$00000004) refers to sys_exit.o(.text) for _sys_exit
    rtexit2.o(.ARM.exidx) refers to rtexit2.o(.ARM.Collect$$rtexit$$00000001) for .ARM.Collect$$rtexit$$00000001
    rtexit2.o(.ARM.exidx) refers to rtexit2.o(.ARM.Collect$$rtexit$$00000003) for .ARM.Collect$$rtexit$$00000003
    rtexit2.o(.ARM.exidx) refers to rtexit2.o(.ARM.Collect$$rtexit$$00000004) for .ARM.Collect$$rtexit$$00000004
    sys_exit.o(.text) refers (Special) to use_no_semi.o(.text) for __I$use$semihosting
    sys_exit.o(.text) refers (Special) to indicate_semi.o(.text) for __semihosting_library_function
    _get_argv_nomalloc.o(.text) refers (Special) to hrguard.o(.text) for __heap_region$guard
    _get_argv_nomalloc.o(.text) refers to defsig_rtmem_outer.o(.text) for __rt_SIGRTMEM
    _get_argv_nomalloc.o(.text) refers to sys_command.o(.text) for _sys_command_string
    libshutdown.o(.ARM.Collect$$libshutdown$$00000000) refers (Special) to libshutdown2.o(.ARM.Collect$$libshutdown$$00000002) for __rt_lib_shutdown_cpp_1
    libshutdown.o(.ARM.Collect$$libshutdown$$00000000) refers (Special) to libshutdown2.o(.ARM.Collect$$libshutdown$$00000007) for __rt_lib_shutdown_fp_trap_1
    libshutdown.o(.ARM.Collect$$libshutdown$$00000000) refers (Special) to libshutdown2.o(.ARM.Collect$$libshutdown$$0000000F) for __rt_lib_shutdown_heap_1
    libshutdown.o(.ARM.Collect$$libshutdown$$00000000) refers (Special) to libshutdown2.o(.ARM.Collect$$libshutdown$$00000010) for __rt_lib_shutdown_return
    libshutdown.o(.ARM.Collect$$libshutdown$$00000000) refers (Special) to libshutdown2.o(.ARM.Collect$$libshutdown$$0000000A) for __rt_lib_shutdown_signal_1
    libshutdown.o(.ARM.Collect$$libshutdown$$00000000) refers (Special) to libshutdown2.o(.ARM.Collect$$libshutdown$$00000004) for __rt_lib_shutdown_stdio_1
    libshutdown.o(.ARM.Collect$$libshutdown$$00000000) refers (Special) to libshutdown2.o(.ARM.Collect$$libshutdown$$0000000C) for __rt_lib_shutdown_user_alloc_1
    sys_command.o(.text) refers (Special) to use_no_semi.o(.text) for __I$use$semihosting
    sys_command.o(.text) refers (Special) to indicate_semi.o(.text) for __semihosting_library_function
    defsig_rtmem_outer.o(.text) refers to defsig_rtmem_inner.o(.text) for __rt_SIGRTMEM_inner
    defsig_rtmem_outer.o(.text) refers to defsig_exit.o(.text) for __sig_exit
    defsig_rtmem_formal.o(.text) refers to rt_raise.o(.text) for __rt_raise
    rt_raise.o(.text) refers to __raise.o(.text) for __raise
    rt_raise.o(.text) refers to sys_exit.o(.text) for _sys_exit
    defsig_exit.o(.text) refers to sys_exit.o(.text) for _sys_exit
    defsig_rtmem_inner.o(.text) refers to defsig_general.o(.text) for __default_signal_display
    __raise.o(.text) refers to defsig.o(CL$$defsig) for __default_signal_handler
    defsig_general.o(.text) refers to sys_wrch.o(.text) for _ttywrch
    sys_wrch.o(.text) refers (Special) to use_no_semi.o(.text) for __I$use$semihosting
    sys_wrch.o(.text) refers (Special) to indicate_semi.o(.text) for __semihosting_library_function
    defsig.o(CL$$defsig) refers to defsig_rtmem_inner.o(.text) for __rt_SIGRTMEM_inner
    defsig_abrt_inner.o(.text) refers to defsig_general.o(.text) for __default_signal_display
    defsig_fpe_inner.o(.text) refers to defsig_general.o(.text) for __default_signal_display
    defsig_rtred_inner.o(.text) refers to defsig_general.o(.text) for __default_signal_display
    defsig_stak_inner.o(.text) refers to defsig_general.o(.text) for __default_signal_display
    defsig_pvfn_inner.o(.text) refers to defsig_general.o(.text) for __default_signal_display
    defsig_cppl_inner.o(.text) refers to defsig_general.o(.text) for __default_signal_display
    defsig_segv_inner.o(.text) refers to defsig_general.o(.text) for __default_signal_display
    defsig_other.o(.text) refers to defsig_general.o(.text) for __default_signal_display


==============================================================================

Removing Unused input sections from the image.

    Removing main.o(.rev16_text), (4 bytes).
    Removing main.o(.revsh_text), (4 bytes).
    Removing system_ht32f5xxxx_01.o(.rev16_text), (4 bytes).
    Removing system_ht32f5xxxx_01.o(.revsh_text), (4 bytes).
    Removing system_ht32f5xxxx_01.o(i.SystemCoreClockUpdate), (180 bytes).
    Removing system_ht32f5xxxx_01.o(.data), (4 bytes).

6 unused section(s) (total 200 bytes) removed from the image.

==============================================================================

Image Symbol Table

    Local Symbols

    Symbol Name                              Value     Ov Type        Size  Object(Section)

    RESET                                    0x00000000   Section      244  startup_ht32f52342_52.o(RESET)
    ../clib/angel/boardlib.s                 0x00000000   Number         0  boardinit3.o ABSOLUTE
    ../clib/angel/boardlib.s                 0x00000000   Number         0  boardshut.o ABSOLUTE
    ../clib/angel/boardlib.s                 0x00000000   Number         0  boardinit2.o ABSOLUTE
    ../clib/angel/boardlib.s                 0x00000000   Number         0  boardinit1.o ABSOLUTE
    ../clib/angel/handlers.s                 0x00000000   Number         0  __scatter_zi.o ABSOLUTE
    ../clib/angel/handlers.s                 0x00000000   Number         0  __scatter_copy.o ABSOLUTE
    ../clib/angel/kernel.s                   0x00000000   Number         0  __rtentry.o ABSOLUTE
    ../clib/angel/kernel.s                   0x00000000   Number         0  rtexit.o ABSOLUTE
    ../clib/angel/kernel.s                   0x00000000   Number         0  rtexit2.o ABSOLUTE
    ../clib/angel/kernel.s                   0x00000000   Number         0  __rtentry4.o ABSOLUTE
    ../clib/angel/kernel.s                   0x00000000   Number         0  __rtentry2.o ABSOLUTE
    ../clib/angel/rt.s                       0x00000000   Number         0  rt_raise.o ABSOLUTE
    ../clib/angel/scatterp.s                 0x00000000   Number         0  __scatter.o ABSOLUTE
    ../clib/angel/startup.s                  0x00000000   Number         0  __main.o ABSOLUTE
    ../clib/angel/sys.s                      0x00000000   Number         0  use_no_semi.o ABSOLUTE
    ../clib/angel/sys.s                      0x00000000   Number         0  tempstk.o ABSOLUTE
    ../clib/angel/sys.s                      0x00000000   Number         0  sys_stackheap_outer.o ABSOLUTE
    ../clib/angel/sys.s                      0x00000000   Number         0  libspace.o ABSOLUTE
    ../clib/angel/sys.s                      0x00000000   Number         0  indicate_semi.o ABSOLUTE
    ../clib/angel/sysapp.c                   0x00000000   Number         0  sys_command.o ABSOLUTE
    ../clib/angel/sysapp.c                   0x00000000   Number         0  sys_exit.o ABSOLUTE
    ../clib/angel/sysapp.c                   0x00000000   Number         0  sys_wrch.o ABSOLUTE
    ../clib/armsys.c                         0x00000000   Number         0  argv_veneer.o ABSOLUTE
    ../clib/armsys.c                         0x00000000   Number         0  no_argv.o ABSOLUTE
    ../clib/armsys.c                         0x00000000   Number         0  _get_argv_nomalloc.o ABSOLUTE
    ../clib/heapalloc.c                      0x00000000   Number         0  hrguard.o ABSOLUTE
    ../clib/heapaux.c                        0x00000000   Number         0  heapauxi.o ABSOLUTE
    ../clib/libinit.s                        0x00000000   Number         0  libinit2.o ABSOLUTE
    ../clib/libinit.s                        0x00000000   Number         0  libshutdown.o ABSOLUTE
    ../clib/libinit.s                        0x00000000   Number         0  libinit.o ABSOLUTE
    ../clib/libinit.s                        0x00000000   Number         0  libshutdown2.o ABSOLUTE
    ../clib/signal.c                         0x00000000   Number         0  defsig_fpe_inner.o ABSOLUTE
    ../clib/signal.c                         0x00000000   Number         0  defsig_stak_inner.o ABSOLUTE
    ../clib/signal.c                         0x00000000   Number         0  defsig_abrt_inner.o ABSOLUTE
    ../clib/signal.c                         0x00000000   Number         0  defsig_general.o ABSOLUTE
    ../clib/signal.c                         0x00000000   Number         0  defsig_pvfn_inner.o ABSOLUTE
    ../clib/signal.c                         0x00000000   Number         0  __raise.o ABSOLUTE
    ../clib/signal.c                         0x00000000   Number         0  defsig_rtmem_inner.o ABSOLUTE
    ../clib/signal.c                         0x00000000   Number         0  defsig_exit.o ABSOLUTE
    ../clib/signal.c                         0x00000000   Number         0  defsig_cppl_inner.o ABSOLUTE
    ../clib/signal.c                         0x00000000   Number         0  defsig_segv_inner.o ABSOLUTE
    ../clib/signal.c                         0x00000000   Number         0  defsig_other.o ABSOLUTE
    ../clib/signal.c                         0x00000000   Number         0  defsig_rtmem_formal.o ABSOLUTE
    ../clib/signal.c                         0x00000000   Number         0  defsig_rtmem_outer.o ABSOLUTE
    ../clib/signal.c                         0x00000000   Number         0  defsig_rtred_inner.o ABSOLUTE
    ../clib/signal.s                         0x00000000   Number         0  defsig.o ABSOLUTE
    ../clib/stdlib.c                         0x00000000   Number         0  exit.o ABSOLUTE
    ../fplib/cfplib/fpinit.c                 0x00000000   Number         0  fpinit.o ABSOLUTE
    RTE\Device\HT32F52352\ht32_op.s          0x00000000   Number         0  ht32_op.o ABSOLUTE
    RTE\Device\HT32F52352\startup_ht32f52342_52.s 0x00000000   Number         0  startup_ht32f52342_52.o ABSOLUTE
    RTE\Device\HT32F52352\system_ht32f5xxxx_01.c 0x00000000   Number         0  system_ht32f5xxxx_01.o ABSOLUTE
    RTE\\Device\\HT32F52352\\system_ht32f5xxxx_01.c 0x00000000   Number         0  system_ht32f5xxxx_01.o ABSOLUTE
    dc.s                                     0x00000000   Number         0  dc.o ABSOLUTE
    main.c                                   0x00000000   Number         0  main.o ABSOLUTE
    main.c                                   0x00000000   Number         0  main.o ABSOLUTE
    !!!main                                  0x000000f4   Section        8  __main.o(!!!main)
    !!!scatter                               0x000000fc   Section       60  __scatter.o(!!!scatter)
    !!handler_copy                           0x00000138   Section       26  __scatter_copy.o(!!handler_copy)
    !!handler_zi                             0x00000154   Section       28  __scatter_zi.o(!!handler_zi)
    .ARM.Collect$$libinit$$00000000          0x00000170   Section        2  libinit.o(.ARM.Collect$$libinit$$00000000)
    .ARM.Collect$$libinit$$00000002          0x00000172   Section        0  libinit2.o(.ARM.Collect$$libinit$$00000002)
    .ARM.Collect$$libinit$$00000004          0x00000172   Section        0  libinit2.o(.ARM.Collect$$libinit$$00000004)
    .ARM.Collect$$libinit$$0000000A          0x00000172   Section        0  libinit2.o(.ARM.Collect$$libinit$$0000000A)
    .ARM.Collect$$libinit$$0000000C          0x00000172   Section        0  libinit2.o(.ARM.Collect$$libinit$$0000000C)
    .ARM.Collect$$libinit$$0000000E          0x00000172   Section        0  libinit2.o(.ARM.Collect$$libinit$$0000000E)
    .ARM.Collect$$libinit$$00000011          0x00000172   Section        0  libinit2.o(.ARM.Collect$$libinit$$00000011)
    .ARM.Collect$$libinit$$00000013          0x00000172   Section        0  libinit2.o(.ARM.Collect$$libinit$$00000013)
    .ARM.Collect$$libinit$$00000015          0x00000172   Section        0  libinit2.o(.ARM.Collect$$libinit$$00000015)
    .ARM.Collect$$libinit$$00000017          0x00000172   Section        0  libinit2.o(.ARM.Collect$$libinit$$00000017)
    .ARM.Collect$$libinit$$00000019          0x00000172   Section        0  libinit2.o(.ARM.Collect$$libinit$$00000019)
    .ARM.Collect$$libinit$$0000001B          0x00000172   Section        0  libinit2.o(.ARM.Collect$$libinit$$0000001B)
    .ARM.Collect$$libinit$$0000001D          0x00000172   Section        0  libinit2.o(.ARM.Collect$$libinit$$0000001D)
    .ARM.Collect$$libinit$$0000001F          0x00000172   Section        0  libinit2.o(.ARM.Collect$$libinit$$0000001F)
    .ARM.Collect$$libinit$$00000021          0x00000172   Section        0  libinit2.o(.ARM.Collect$$libinit$$00000021)
    .ARM.Collect$$libinit$$00000023          0x00000172   Section        0  libinit2.o(.ARM.Collect$$libinit$$00000023)
    .ARM.Collect$$libinit$$00000025          0x00000172   Section        0  libinit2.o(.ARM.Collect$$libinit$$00000025)
    .ARM.Collect$$libinit$$0000002C          0x00000172   Section        0  libinit2.o(.ARM.Collect$$libinit$$0000002C)
    .ARM.Collect$$libinit$$0000002E          0x00000172   Section        0  libinit2.o(.ARM.Collect$$libinit$$0000002E)
    .ARM.Collect$$libinit$$00000030          0x00000172   Section        0  libinit2.o(.ARM.Collect$$libinit$$00000030)
    .ARM.Collect$$libinit$$00000032          0x00000172   Section        0  libinit2.o(.ARM.Collect$$libinit$$00000032)
    .ARM.Collect$$libinit$$00000033          0x00000172   Section        2  libinit2.o(.ARM.Collect$$libinit$$00000033)
    .ARM.Collect$$libshutdown$$00000000      0x00000174   Section        2  libshutdown.o(.ARM.Collect$$libshutdown$$00000000)
    .ARM.Collect$$libshutdown$$00000002      0x00000176   Section        0  libshutdown2.o(.ARM.Collect$$libshutdown$$00000002)
    .ARM.Collect$$libshutdown$$00000004      0x00000176   Section        0  libshutdown2.o(.ARM.Collect$$libshutdown$$00000004)
    .ARM.Collect$$libshutdown$$00000007      0x00000176   Section        0  libshutdown2.o(.ARM.Collect$$libshutdown$$00000007)
    .ARM.Collect$$libshutdown$$0000000A      0x00000176   Section        0  libshutdown2.o(.ARM.Collect$$libshutdown$$0000000A)
    .ARM.Collect$$libshutdown$$0000000C      0x00000176   Section        0  libshutdown2.o(.ARM.Collect$$libshutdown$$0000000C)
    .ARM.Collect$$libshutdown$$0000000F      0x00000176   Section        0  libshutdown2.o(.ARM.Collect$$libshutdown$$0000000F)
    .ARM.Collect$$libshutdown$$00000010      0x00000176   Section        2  libshutdown2.o(.ARM.Collect$$libshutdown$$00000010)
    .ARM.Collect$$rtentry$$00000000          0x00000178   Section        0  __rtentry.o(.ARM.Collect$$rtentry$$00000000)
    .ARM.Collect$$rtentry$$00000002          0x00000178   Section        0  __rtentry2.o(.ARM.Collect$$rtentry$$00000002)
    .ARM.Collect$$rtentry$$00000004          0x00000178   Section        6  __rtentry4.o(.ARM.Collect$$rtentry$$00000004)
    .ARM.Collect$$rtentry$$00000009          0x0000017e   Section        0  __rtentry2.o(.ARM.Collect$$rtentry$$00000009)
    .ARM.Collect$$rtentry$$0000000A          0x0000017e   Section        4  __rtentry2.o(.ARM.Collect$$rtentry$$0000000A)
    .ARM.Collect$$rtentry$$0000000C          0x00000182   Section        0  __rtentry2.o(.ARM.Collect$$rtentry$$0000000C)
    .ARM.Collect$$rtentry$$0000000D          0x00000182   Section        8  __rtentry2.o(.ARM.Collect$$rtentry$$0000000D)
    .ARM.Collect$$rtexit$$00000000           0x0000018a   Section        2  rtexit.o(.ARM.Collect$$rtexit$$00000000)
    .ARM.Collect$$rtexit$$00000002           0x0000018c   Section        0  rtexit2.o(.ARM.Collect$$rtexit$$00000002)
    .ARM.Collect$$rtexit$$00000003           0x0000018c   Section        4  rtexit2.o(.ARM.Collect$$rtexit$$00000003)
    .ARM.Collect$$rtexit$$00000004           0x00000190   Section        6  rtexit2.o(.ARM.Collect$$rtexit$$00000004)
    .text                                    0x00000196   Section        0  heapauxi.o(.text)
    .text                                    0x0000019c   Section       62  sys_stackheap_outer.o(.text)
    .text                                    0x000001da   Section        0  exit.o(.text)
    .text                                    0x000001ec   Section        8  libspace.o(.text)
    .text                                    0x000001f4   Section        0  sys_exit.o(.text)
    .text                                    0x00000200   Section        2  use_no_semi.o(.text)
    .text                                    0x00000202   Section        0  indicate_semi.o(.text)
    i.Delay                                  0x00000204   Section        0  main.o(i.Delay)
    i.EXTI0_1_IRQHandler                     0x0000021c   Section        0  main.o(i.EXTI0_1_IRQHandler)
    i.EXTI2_3_IRQHandler                     0x00000238   Section        0  main.o(i.EXTI2_3_IRQHandler)
    i.EXTI4_15_IRQHandler                    0x00000254   Section        0  main.o(i.EXTI4_15_IRQHandler)
    i.SysTick_Handler                        0x00000274   Section        0  main.o(i.SysTick_Handler)
    i.SystemInit                             0x00000284   Section        0  system_ht32f5xxxx_01.o(i.SystemInit)
    i.__NVIC_EnableIRQ                       0x00000474   Section        0  main.o(i.__NVIC_EnableIRQ)
    __NVIC_EnableIRQ                         0x00000475   Thumb Code    18  main.o(i.__NVIC_EnableIRQ)
    i.__NVIC_SetPriority                     0x0000048c   Section        0  main.o(i.__NVIC_SetPriority)
    __NVIC_SetPriority                       0x0000048d   Thumb Code   110  main.o(i.__NVIC_SetPriority)
    i.init                                   0x00000504   Section        0  main.o(i.init)
    i.main                                   0x00000620   Section        0  main.o(i.main)
    .data                                    0x20000000   Section        6  main.o(.data)
    .bss                                     0x20000008   Section       96  libspace.o(.bss)
    HEAP                                     0x20000068   Section        0  startup_ht32f52342_52.o(HEAP)
    STACK                                    0x20000068   Section      512  startup_ht32f52342_52.o(STACK)
    Heap_Mem                                 0x20000068   Data           0  startup_ht32f52342_52.o(HEAP)
    Stack_Mem                                0x20000068   Data         512  startup_ht32f52342_52.o(STACK)
    __initial_sp                             0x20000268   Data           0  startup_ht32f52342_52.o(STACK)

    Global Symbols

    Symbol Name                              Value     Ov Type        Size  Object(Section)

    BuildAttributes$$THM_ISAv3M$S$PE$A:L22$X:L11$S22$IEEE1$IW$USESV6$~STKCKD$USESV7$~SHL$OSPACE$ROPI$EBA8$UX$STANDARDLIB$REQ8$PRES8$EABIv2 0x00000000   Number         0  anon$$obj.o ABSOLUTE
    __ARM_use_no_argv                        0x00000000   Number         0  main.o ABSOLUTE
    __Vectors                                0x00000000   Data           0  startup_ht32f52342_52.o(RESET)
    __ARM_exceptions_init                     - Undefined Weak Reference
    __alloca_initialize                       - Undefined Weak Reference
    __arm_preinit_                            - Undefined Weak Reference
    __cpp_initialize__aeabi_                  - Undefined Weak Reference
    __cxa_finalize                            - Undefined Weak Reference
    __rt_locale                               - Undefined Weak Reference
    __sigvec_lookup                           - Undefined Weak Reference
    _atexit_init                              - Undefined Weak Reference
    _call_atexit_fns                          - Undefined Weak Reference
    _clock_init                               - Undefined Weak Reference
    _fp_trap_init                             - Undefined Weak Reference
    _fp_trap_shutdown                         - Undefined Weak Reference
    _get_lc_collate                           - Undefined Weak Reference
    _get_lc_ctype                             - Undefined Weak Reference
    _get_lc_monetary                          - Undefined Weak Reference
    _get_lc_numeric                           - Undefined Weak Reference
    _get_lc_time                              - Undefined Weak Reference
    _getenv_init                              - Undefined Weak Reference
    _handle_redirection                       - Undefined Weak Reference
    _init_alloc                               - Undefined Weak Reference
    _init_user_alloc                          - Undefined Weak Reference
    _initio                                   - Undefined Weak Reference
    _rand_init                                - Undefined Weak Reference
    _signal_finish                            - Undefined Weak Reference
    _signal_init                              - Undefined Weak Reference
    _terminate_alloc                          - Undefined Weak Reference
    _terminate_user_alloc                     - Undefined Weak Reference
    _terminateio                              - Undefined Weak Reference
    Reset_Handler                            0x000000c1   Thumb Code     8  startup_ht32f52342_52.o(RESET)
    NMI_Handler                              0x000000c9   Thumb Code     2  startup_ht32f52342_52.o(RESET)
    HardFault_Handler                        0x000000cb   Thumb Code     2  startup_ht32f52342_52.o(RESET)
    SVC_Handler                              0x000000cd   Thumb Code     2  startup_ht32f52342_52.o(RESET)
    PendSV_Handler                           0x000000cf   Thumb Code     2  startup_ht32f52342_52.o(RESET)
    ADC_IRQHandler                           0x000000d3   Thumb Code     0  startup_ht32f52342_52.o(RESET)
    BFTM0_IRQHandler                         0x000000d3   Thumb Code     0  startup_ht32f52342_52.o(RESET)
    BFTM1_IRQHandler                         0x000000d3   Thumb Code     0  startup_ht32f52342_52.o(RESET)
    COMP_IRQHandler                          0x000000d3   Thumb Code     0  startup_ht32f52342_52.o(RESET)
    EVWUP_IRQHandler                         0x000000d3   Thumb Code     0  startup_ht32f52342_52.o(RESET)
    FLASH_IRQHandler                         0x000000d3   Thumb Code     0  startup_ht32f52342_52.o(RESET)
    GPTM0_IRQHandler                         0x000000d3   Thumb Code     0  startup_ht32f52342_52.o(RESET)
    GPTM1_IRQHandler                         0x000000d3   Thumb Code     0  startup_ht32f52342_52.o(RESET)
    I2C0_IRQHandler                          0x000000d3   Thumb Code     0  startup_ht32f52342_52.o(RESET)
    I2C1_IRQHandler                          0x000000d3   Thumb Code     0  startup_ht32f52342_52.o(RESET)
    I2S_IRQHandler                           0x000000d3   Thumb Code     0  startup_ht32f52342_52.o(RESET)
    LVD_BOD_IRQHandler                       0x000000d3   Thumb Code     0  startup_ht32f52342_52.o(RESET)
    MCTM0_IRQHandler                         0x000000d3   Thumb Code     0  startup_ht32f52342_52.o(RESET)
    PDMA_CH0_1_IRQHandler                    0x000000d3   Thumb Code     0  startup_ht32f52342_52.o(RESET)
    PDMA_CH2_5_IRQHandler                    0x000000d3   Thumb Code     0  startup_ht32f52342_52.o(RESET)
    RTC_IRQHandler                           0x000000d3   Thumb Code     0  startup_ht32f52342_52.o(RESET)
    SCI_IRQHandler                           0x000000d3   Thumb Code     0  startup_ht32f52342_52.o(RESET)
    SCTM0_IRQHandler                         0x000000d3   Thumb Code     0  startup_ht32f52342_52.o(RESET)
    SCTM1_IRQHandler                         0x000000d3   Thumb Code     0  startup_ht32f52342_52.o(RESET)
    SCTM2_IRQHandler                         0x000000d3   Thumb Code     0  startup_ht32f52342_52.o(RESET)
    SCTM3_IRQHandler                         0x000000d3   Thumb Code     0  startup_ht32f52342_52.o(RESET)
    SPI0_IRQHandler                          0x000000d3   Thumb Code     0  startup_ht32f52342_52.o(RESET)
    SPI1_IRQHandler                          0x000000d3   Thumb Code     0  startup_ht32f52342_52.o(RESET)
    UART0_IRQHandler                         0x000000d3   Thumb Code     0  startup_ht32f52342_52.o(RESET)
    UART1_IRQHandler                         0x000000d3   Thumb Code     0  startup_ht32f52342_52.o(RESET)
    UART2_IRQHandler                         0x000000d3   Thumb Code     0  startup_ht32f52342_52.o(RESET)
    UART3_IRQHandler                         0x000000d3   Thumb Code     0  startup_ht32f52342_52.o(RESET)
    USART0_IRQHandler                        0x000000d3   Thumb Code     0  startup_ht32f52342_52.o(RESET)
    USART1_IRQHandler                        0x000000d3   Thumb Code     0  startup_ht32f52342_52.o(RESET)
    USB_IRQHandler                           0x000000d3   Thumb Code     0  startup_ht32f52342_52.o(RESET)
    __user_initial_stackheap                 0x000000d5   Thumb Code     0  startup_ht32f52342_52.o(RESET)
    __main                                   0x000000f5   Thumb Code     8  __main.o(!!!main)
    __scatterload                            0x000000fd   Thumb Code     0  __scatter.o(!!!scatter)
    __scatterload_rt2                        0x000000fd   Thumb Code    52  __scatter.o(!!!scatter)
    __scatterload_rt2_thumb_only             0x000000fd   Thumb Code     0  __scatter.o(!!!scatter)
    __scatterload_null                       0x0000010d   Thumb Code     0  __scatter.o(!!!scatter)
    __scatterload_copy                       0x00000139   Thumb Code    26  __scatter_copy.o(!!handler_copy)
    __scatterload_zeroinit                   0x00000155   Thumb Code    28  __scatter_zi.o(!!handler_zi)
    __rt_lib_init                            0x00000171   Thumb Code     0  libinit.o(.ARM.Collect$$libinit$$00000000)
    __rt_lib_init_alloca_1                   0x00000173   Thumb Code     0  libinit2.o(.ARM.Collect$$libinit$$0000002E)
    __rt_lib_init_argv_1                     0x00000173   Thumb Code     0  libinit2.o(.ARM.Collect$$libinit$$0000002C)
    __rt_lib_init_atexit_1                   0x00000173   Thumb Code     0  libinit2.o(.ARM.Collect$$libinit$$0000001B)
    __rt_lib_init_clock_1                    0x00000173   Thumb Code     0  libinit2.o(.ARM.Collect$$libinit$$00000021)
    __rt_lib_init_cpp_1                      0x00000173   Thumb Code     0  libinit2.o(.ARM.Collect$$libinit$$00000032)
    __rt_lib_init_exceptions_1               0x00000173   Thumb Code     0  libinit2.o(.ARM.Collect$$libinit$$00000030)
    __rt_lib_init_fp_1                       0x00000173   Thumb Code     0  libinit2.o(.ARM.Collect$$libinit$$00000002)
    __rt_lib_init_fp_trap_1                  0x00000173   Thumb Code     0  libinit2.o(.ARM.Collect$$libinit$$0000001F)
    __rt_lib_init_getenv_1                   0x00000173   Thumb Code     0  libinit2.o(.ARM.Collect$$libinit$$00000023)
    __rt_lib_init_heap_1                     0x00000173   Thumb Code     0  libinit2.o(.ARM.Collect$$libinit$$0000000A)
    __rt_lib_init_lc_collate_1               0x00000173   Thumb Code     0  libinit2.o(.ARM.Collect$$libinit$$00000011)
    __rt_lib_init_lc_ctype_1                 0x00000173   Thumb Code     0  libinit2.o(.ARM.Collect$$libinit$$00000013)
    __rt_lib_init_lc_monetary_1              0x00000173   Thumb Code     0  libinit2.o(.ARM.Collect$$libinit$$00000015)
    __rt_lib_init_lc_numeric_1               0x00000173   Thumb Code     0  libinit2.o(.ARM.Collect$$libinit$$00000017)
    __rt_lib_init_lc_time_1                  0x00000173   Thumb Code     0  libinit2.o(.ARM.Collect$$libinit$$00000019)
    __rt_lib_init_preinit_1                  0x00000173   Thumb Code     0  libinit2.o(.ARM.Collect$$libinit$$00000004)
    __rt_lib_init_rand_1                     0x00000173   Thumb Code     0  libinit2.o(.ARM.Collect$$libinit$$0000000E)
    __rt_lib_init_return                     0x00000173   Thumb Code     0  libinit2.o(.ARM.Collect$$libinit$$00000033)
    __rt_lib_init_signal_1                   0x00000173   Thumb Code     0  libinit2.o(.ARM.Collect$$libinit$$0000001D)
    __rt_lib_init_stdio_1                    0x00000173   Thumb Code     0  libinit2.o(.ARM.Collect$$libinit$$00000025)
    __rt_lib_init_user_alloc_1               0x00000173   Thumb Code     0  libinit2.o(.ARM.Collect$$libinit$$0000000C)
    __rt_lib_shutdown                        0x00000175   Thumb Code     0  libshutdown.o(.ARM.Collect$$libshutdown$$00000000)
    __rt_lib_shutdown_cpp_1                  0x00000177   Thumb Code     0  libshutdown2.o(.ARM.Collect$$libshutdown$$00000002)
    __rt_lib_shutdown_fp_trap_1              0x00000177   Thumb Code     0  libshutdown2.o(.ARM.Collect$$libshutdown$$00000007)
    __rt_lib_shutdown_heap_1                 0x00000177   Thumb Code     0  libshutdown2.o(.ARM.Collect$$libshutdown$$0000000F)
    __rt_lib_shutdown_return                 0x00000177   Thumb Code     0  libshutdown2.o(.ARM.Collect$$libshutdown$$00000010)
    __rt_lib_shutdown_signal_1               0x00000177   Thumb Code     0  libshutdown2.o(.ARM.Collect$$libshutdown$$0000000A)
    __rt_lib_shutdown_stdio_1                0x00000177   Thumb Code     0  libshutdown2.o(.ARM.Collect$$libshutdown$$00000004)
    __rt_lib_shutdown_user_alloc_1           0x00000177   Thumb Code     0  libshutdown2.o(.ARM.Collect$$libshutdown$$0000000C)
    __rt_entry                               0x00000179   Thumb Code     0  __rtentry.o(.ARM.Collect$$rtentry$$00000000)
    __rt_entry_presh_1                       0x00000179   Thumb Code     0  __rtentry2.o(.ARM.Collect$$rtentry$$00000002)
    __rt_entry_sh                            0x00000179   Thumb Code     0  __rtentry4.o(.ARM.Collect$$rtentry$$00000004)
    __rt_entry_li                            0x0000017f   Thumb Code     0  __rtentry2.o(.ARM.Collect$$rtentry$$0000000A)
    __rt_entry_postsh_1                      0x0000017f   Thumb Code     0  __rtentry2.o(.ARM.Collect$$rtentry$$00000009)
    __rt_entry_main                          0x00000183   Thumb Code     0  __rtentry2.o(.ARM.Collect$$rtentry$$0000000D)
    __rt_entry_postli_1                      0x00000183   Thumb Code     0  __rtentry2.o(.ARM.Collect$$rtentry$$0000000C)
    __rt_exit                                0x0000018b   Thumb Code     0  rtexit.o(.ARM.Collect$$rtexit$$00000000)
    __rt_exit_ls                             0x0000018d   Thumb Code     0  rtexit2.o(.ARM.Collect$$rtexit$$00000003)
    __rt_exit_prels_1                        0x0000018d   Thumb Code     0  rtexit2.o(.ARM.Collect$$rtexit$$00000002)
    __rt_exit_exit                           0x00000191   Thumb Code     0  rtexit2.o(.ARM.Collect$$rtexit$$00000004)
    __use_two_region_memory                  0x00000197   Thumb Code     2  heapauxi.o(.text)
    __rt_heap_escrow$2region                 0x00000199   Thumb Code     2  heapauxi.o(.text)
    __rt_heap_expand$2region                 0x0000019b   Thumb Code     2  heapauxi.o(.text)
    __user_setup_stackheap                   0x0000019d   Thumb Code    62  sys_stackheap_outer.o(.text)
    exit                                     0x000001db   Thumb Code    16  exit.o(.text)
    __user_libspace                          0x000001ed   Thumb Code     8  libspace.o(.text)
    __user_perproc_libspace                  0x000001ed   Thumb Code     0  libspace.o(.text)
    __user_perthread_libspace                0x000001ed   Thumb Code     0  libspace.o(.text)
    _sys_exit                                0x000001f5   Thumb Code     8  sys_exit.o(.text)
    __I$use$semihosting                      0x00000201   Thumb Code     0  use_no_semi.o(.text)
    __use_no_semihosting_swi                 0x00000201   Thumb Code     2  use_no_semi.o(.text)
    __semihosting_library_function           0x00000203   Thumb Code     0  indicate_semi.o(.text)
    Delay                                    0x00000205   Thumb Code    18  main.o(i.Delay)
    EXTI0_1_IRQHandler                       0x0000021d   Thumb Code    20  main.o(i.EXTI0_1_IRQHandler)
    EXTI2_3_IRQHandler                       0x00000239   Thumb Code    20  main.o(i.EXTI2_3_IRQHandler)
    EXTI4_15_IRQHandler                      0x00000255   Thumb Code    22  main.o(i.EXTI4_15_IRQHandler)
    SysTick_Handler                          0x00000275   Thumb Code    12  main.o(i.SysTick_Handler)
    SystemInit                               0x00000285   Thumb Code   446  system_ht32f5xxxx_01.o(i.SystemInit)
    init                                     0x00000505   Thumb Code   256  main.o(i.init)
    main                                     0x00000621   Thumb Code   322  main.o(i.main)
    Region$$Table$$Base                      0x0000077c   Number         0  anon$$obj.o(Region$$Table)
    Region$$Table$$Limit                     0x0000079c   Number         0  anon$$obj.o(Region$$Table)
    msTicks                                  0x20000000   Data           4  main.o(.data)
    signal                                   0x20000004   Data           1  main.o(.data)
    i                                        0x20000005   Data           1  main.o(.data)
    __libspace_start                         0x20000008   Data          96  libspace.o(.bss)
    __temporary_stack_top$libspace           0x20000068   Data           0  libspace.o(.bss)



==============================================================================

Memory Map of the image

  Image Entry point : 0x000000c1

  Load Region LR_1 (Base: 0x00000000, Size: 0x000007a4, Max: 0xffffffff, ABSOLUTE)

    Execution Region ER_RO (Exec base: 0x00000000, Load base: 0x00000000, Size: 0x0000079c, Max: 0xffffffff, ABSOLUTE)

    Exec Addr    Load Addr    Size         Type   Attr      Idx    E Section Name        Object

    0x00000000   0x00000000   0x000000f4   Code   RO           97  * RESET               startup_ht32f52342_52.o
    0x000000f4   0x000000f4   0x00000008   Code   RO          140  * !!!main             c_p.l(__main.o)
    0x000000fc   0x000000fc   0x0000003c   Code   RO          299    !!!scatter          c_p.l(__scatter.o)
    0x00000138   0x00000138   0x0000001a   Code   RO          301    !!handler_copy      c_p.l(__scatter_copy.o)
    0x00000152   0x00000152   0x00000002   PAD
    0x00000154   0x00000154   0x0000001c   Code   RO          303    !!handler_zi        c_p.l(__scatter_zi.o)
    0x00000170   0x00000170   0x00000002   Code   RO          168    .ARM.Collect$$libinit$$00000000  c_p.l(libinit.o)
    0x00000172   0x00000172   0x00000000   Code   RO          176    .ARM.Collect$$libinit$$00000002  c_p.l(libinit2.o)
    0x00000172   0x00000172   0x00000000   Code   RO          178    .ARM.Collect$$libinit$$00000004  c_p.l(libinit2.o)
    0x00000172   0x00000172   0x00000000   Code   RO          181    .ARM.Collect$$libinit$$0000000A  c_p.l(libinit2.o)
    0x00000172   0x00000172   0x00000000   Code   RO          183    .ARM.Collect$$libinit$$0000000C  c_p.l(libinit2.o)
    0x00000172   0x00000172   0x00000000   Code   RO          185    .ARM.Collect$$libinit$$0000000E  c_p.l(libinit2.o)
    0x00000172   0x00000172   0x00000000   Code   RO          188    .ARM.Collect$$libinit$$00000011  c_p.l(libinit2.o)
    0x00000172   0x00000172   0x00000000   Code   RO          190    .ARM.Collect$$libinit$$00000013  c_p.l(libinit2.o)
    0x00000172   0x00000172   0x00000000   Code   RO          192    .ARM.Collect$$libinit$$00000015  c_p.l(libinit2.o)
    0x00000172   0x00000172   0x00000000   Code   RO          194    .ARM.Collect$$libinit$$00000017  c_p.l(libinit2.o)
    0x00000172   0x00000172   0x00000000   Code   RO          196    .ARM.Collect$$libinit$$00000019  c_p.l(libinit2.o)
    0x00000172   0x00000172   0x00000000   Code   RO          198    .ARM.Collect$$libinit$$0000001B  c_p.l(libinit2.o)
    0x00000172   0x00000172   0x00000000   Code   RO          200    .ARM.Collect$$libinit$$0000001D  c_p.l(libinit2.o)
    0x00000172   0x00000172   0x00000000   Code   RO          202    .ARM.Collect$$libinit$$0000001F  c_p.l(libinit2.o)
    0x00000172   0x00000172   0x00000000   Code   RO          204    .ARM.Collect$$libinit$$00000021  c_p.l(libinit2.o)
    0x00000172   0x00000172   0x00000000   Code   RO          206    .ARM.Collect$$libinit$$00000023  c_p.l(libinit2.o)
    0x00000172   0x00000172   0x00000000   Code   RO          208    .ARM.Collect$$libinit$$00000025  c_p.l(libinit2.o)
    0x00000172   0x00000172   0x00000000   Code   RO          212    .ARM.Collect$$libinit$$0000002C  c_p.l(libinit2.o)
    0x00000172   0x00000172   0x00000000   Code   RO          214    .ARM.Collect$$libinit$$0000002E  c_p.l(libinit2.o)
    0x00000172   0x00000172   0x00000000   Code   RO          216    .ARM.Collect$$libinit$$00000030  c_p.l(libinit2.o)
    0x00000172   0x00000172   0x00000000   Code   RO          218    .ARM.Collect$$libinit$$00000032  c_p.l(libinit2.o)
    0x00000172   0x00000172   0x00000002   Code   RO          219    .ARM.Collect$$libinit$$00000033  c_p.l(libinit2.o)
    0x00000174   0x00000174   0x00000002   Code   RO          239    .ARM.Collect$$libshutdown$$00000000  c_p.l(libshutdown.o)
    0x00000176   0x00000176   0x00000000   Code   RO          252    .ARM.Collect$$libshutdown$$00000002  c_p.l(libshutdown2.o)
    0x00000176   0x00000176   0x00000000   Code   RO          254    .ARM.Collect$$libshutdown$$00000004  c_p.l(libshutdown2.o)
    0x00000176   0x00000176   0x00000000   Code   RO          257    .ARM.Collect$$libshutdown$$00000007  c_p.l(libshutdown2.o)
    0x00000176   0x00000176   0x00000000   Code   RO          260    .ARM.Collect$$libshutdown$$0000000A  c_p.l(libshutdown2.o)
    0x00000176   0x00000176   0x00000000   Code   RO          262    .ARM.Collect$$libshutdown$$0000000C  c_p.l(libshutdown2.o)
    0x00000176   0x00000176   0x00000000   Code   RO          265    .ARM.Collect$$libshutdown$$0000000F  c_p.l(libshutdown2.o)
    0x00000176   0x00000176   0x00000002   Code   RO          266    .ARM.Collect$$libshutdown$$00000010  c_p.l(libshutdown2.o)
    0x00000178   0x00000178   0x00000000   Code   RO          142    .ARM.Collect$$rtentry$$00000000  c_p.l(__rtentry.o)
    0x00000178   0x00000178   0x00000000   Code   RO          144    .ARM.Collect$$rtentry$$00000002  c_p.l(__rtentry2.o)
    0x00000178   0x00000178   0x00000006   Code   RO          156    .ARM.Collect$$rtentry$$00000004  c_p.l(__rtentry4.o)
    0x0000017e   0x0000017e   0x00000000   Code   RO          146    .ARM.Collect$$rtentry$$00000009  c_p.l(__rtentry2.o)
    0x0000017e   0x0000017e   0x00000004   Code   RO          147    .ARM.Collect$$rtentry$$0000000A  c_p.l(__rtentry2.o)
    0x00000182   0x00000182   0x00000000   Code   RO          149    .ARM.Collect$$rtentry$$0000000C  c_p.l(__rtentry2.o)
    0x00000182   0x00000182   0x00000008   Code   RO          150    .ARM.Collect$$rtentry$$0000000D  c_p.l(__rtentry2.o)
    0x0000018a   0x0000018a   0x00000002   Code   RO          173    .ARM.Collect$$rtexit$$00000000  c_p.l(rtexit.o)
    0x0000018c   0x0000018c   0x00000000   Code   RO          221    .ARM.Collect$$rtexit$$00000002  c_p.l(rtexit2.o)
    0x0000018c   0x0000018c   0x00000004   Code   RO          222    .ARM.Collect$$rtexit$$00000003  c_p.l(rtexit2.o)
    0x00000190   0x00000190   0x00000006   Code   RO          223    .ARM.Collect$$rtexit$$00000004  c_p.l(rtexit2.o)
    0x00000196   0x00000196   0x00000006   Code   RO          138    .text               c_p.l(heapauxi.o)
    0x0000019c   0x0000019c   0x0000003e   Code   RO          158    .text               c_p.l(sys_stackheap_outer.o)
    0x000001da   0x000001da   0x00000010   Code   RO          161    .text               c_p.l(exit.o)
    0x000001ea   0x000001ea   0x00000002   PAD
    0x000001ec   0x000001ec   0x00000008   Code   RO          169    .text               c_p.l(libspace.o)
    0x000001f4   0x000001f4   0x0000000c   Code   RO          231    .text               c_p.l(sys_exit.o)
    0x00000200   0x00000200   0x00000002   Code   RO          242    .text               c_p.l(use_no_semi.o)
    0x00000202   0x00000202   0x00000000   Code   RO          244    .text               c_p.l(indicate_semi.o)
    0x00000202   0x00000202   0x00000002   PAD
    0x00000204   0x00000204   0x00000018   Code   RO            3    i.Delay             main.o
    0x0000021c   0x0000021c   0x0000001c   Code   RO            4    i.EXTI0_1_IRQHandler  main.o
    0x00000238   0x00000238   0x0000001c   Code   RO            5    i.EXTI2_3_IRQHandler  main.o
    0x00000254   0x00000254   0x00000020   Code   RO            6    i.EXTI4_15_IRQHandler  main.o
    0x00000274   0x00000274   0x00000010   Code   RO            7    i.SysTick_Handler   main.o
    0x00000284   0x00000284   0x000001f0   Code   RO          104    i.SystemInit        system_ht32f5xxxx_01.o
    0x00000474   0x00000474   0x00000018   Code   RO            8    i.__NVIC_EnableIRQ  main.o
    0x0000048c   0x0000048c   0x00000078   Code   RO            9    i.__NVIC_SetPriority  main.o
    0x00000504   0x00000504   0x0000011c   Code   RO           10    i.init              main.o
    0x00000620   0x00000620   0x0000015c   Code   RO           11    i.main              main.o
    0x0000077c   0x0000077c   0x00000020   Data   RO          297    Region$$Table       anon$$obj.o


    Execution Region ER_RW (Exec base: 0x20000000, Load base: 0x0000079c, Size: 0x00000008, Max: 0xffffffff, ABSOLUTE)

    Exec Addr    Load Addr    Size         Type   Attr      Idx    E Section Name        Object

    0x20000000   0x0000079c   0x00000006   Data   RW           12    .data               main.o


    Execution Region ER_ZI (Exec base: 0x20000008, Load base: 0x000007a4, Size: 0x00000260, Max: 0xffffffff, ABSOLUTE)

    Exec Addr    Load Addr    Size         Type   Attr      Idx    E Section Name        Object

    0x20000008        -       0x00000060   Zero   RW          170    .bss                c_p.l(libspace.o)
    0x20000068        -       0x00000000   Zero   RW           96    HEAP                startup_ht32f52342_52.o
    0x20000068        -       0x00000200   Zero   RW           95    STACK               startup_ht32f52342_52.o


==============================================================================

Image component sizes


      Code (inc. data)   RO Data    RW Data    ZI Data      Debug   Object Name

       904        106          0          6          0      32087   main.o
       244        214          0          0        512        660   startup_ht32f52342_52.o
       496         50          0          0          0        709   system_ht32f5xxxx_01.o

    ----------------------------------------------------------------------
      1644        370         32          8        512      33456   Object Totals
         0          0         32          0          0          0   (incl. Generated)
         0          0          0          2          0          0   (incl. Padding)

    ----------------------------------------------------------------------

      Code (inc. data)   RO Data    RW Data    ZI Data      Debug   Library Member Name

         8          0          0          0          0         68   __main.o
         0          0          0          0          0          0   __rtentry.o
        12          0          0          0          0          0   __rtentry2.o
         6          0          0          0          0          0   __rtentry4.o
        60          8          0          0          0          0   __scatter.o
        26          0          0          0          0          0   __scatter_copy.o
        28          0          0          0          0          0   __scatter_zi.o
        16          0          0          0          0         68   exit.o
         6          0          0          0          0        136   heapauxi.o
         0          0          0          0          0          0   indicate_semi.o
         2          0          0          0          0          0   libinit.o
         2          0          0          0          0          0   libinit2.o
         2          0          0          0          0          0   libshutdown.o
         2          0          0          0          0          0   libshutdown2.o
         8          4          0          0         96         68   libspace.o
         2          0          0          0          0          0   rtexit.o
        10          0          0          0          0          0   rtexit2.o
        12          4          0          0          0         60   sys_exit.o
        62          0          0          0          0         80   sys_stackheap_outer.o
         2          0          0          0          0         68   use_no_semi.o

    ----------------------------------------------------------------------
       272         16          0          0         96        548   Library Totals
         6          0          0          0          0          0   (incl. Padding)

    ----------------------------------------------------------------------

      Code (inc. data)   RO Data    RW Data    ZI Data      Debug   Library Name

       266         16          0          0         96        548   c_p.l

    ----------------------------------------------------------------------
       272         16          0          0         96        548   Library Totals

    ----------------------------------------------------------------------

==============================================================================


      Code (inc. data)   RO Data    RW Data    ZI Data      Debug   

      1916        386         32          8        608      33560   Grand Totals
      1916        386         32          8        608      33560   ELF Image Totals
      1916        386         32          8          0          0   ROM Totals

==============================================================================

    Total RO  Size (Code + RO Data)                 1948 (   1.90kB)
    Total RW  Size (RW Data + ZI Data)               616 (   0.60kB)
    Total ROM Size (Code + RO Data + RW Data)       1956 (   1.91kB)

==============================================================================

